2026-05-14T12:41:33.682+05:30  INFO 7536 --- [orderService] [main] c.ecom.ecomorder.EcomOrderApplication    : Starting EcomOrderApplication using Java 25.0.2 with PID 7536 (D:\Developer\Java\SpringBoot\Maven\EcomApplication\Ecom-Order\target\classes started by Lenovo in D:\Developer\Java\SpringBoot\Maven\EcomApplication\Ecom-Order)
2026-05-14T12:41:33.686+05:30  INFO 7536 --- [orderService] [main] c.ecom.ecomorder.EcomOrderApplication    : No active profile set, falling back to 1 default profile: "default"
2026-05-14T12:41:33.743+05:30  INFO 7536 --- [orderService] [main] o.s.c.c.c.ConfigServerConfigDataLoader   : Fetching config from server at : http://localhost:8085
2026-05-14T12:41:33.744+05:30  INFO 7536 --- [orderService] [main] o.s.c.c.c.ConfigServerConfigDataLoader   : Located environment: name=orderService, profiles=[default], label=null, version=null, state=null
2026-05-14T12:41:35.293+05:30  INFO 7536 --- [orderService] [main] .s.d.r.c.RepositoryConfigurationDelegate : Bootstrapping Spring Data JPA repositories in DEFAULT mode.
2026-05-14T12:41:35.476+05:30  INFO 7536 --- [orderService] [main] .s.d.r.c.RepositoryConfigurationDelegate : Finished Spring Data repository scanning in 171 ms. Found 2 JPA repository interfaces.
2026-05-14T12:41:35.929+05:30  INFO 7536 --- [orderService] [main] faultConfiguringBeanFactoryPostProcessor : No bean named 'errorChannel' has been explicitly defined. Therefore, a default PublishSubscribeChannel will be created.
2026-05-14T12:41:35.936+05:30  INFO 7536 --- [orderService] [main] faultConfiguringBeanFactoryPostProcessor : No bean named 'integrationHeaderChannelRegistry' has been explicitly defined. Therefore, a default DefaultHeaderChannelRegistry will be created.
2026-05-14T12:41:36.056+05:30  INFO 7536 --- [orderService] [main] o.s.cloud.context.scope.GenericScope     : BeanFactory id=bb07f50c-c73e-3af2-a75c-458da1898f6e
2026-05-14T12:41:36.611+05:30  INFO 7536 --- [orderService] [main] o.s.boot.tomcat.TomcatWebServer          : Tomcat initialized with port 8083 (http)
2026-05-14T12:41:36.627+05:30  INFO 7536 --- [orderService] [main] o.apache.catalina.core.StandardService   : Starting service [Tomcat]
2026-05-14T12:41:36.628+05:30  INFO 7536 --- [orderService] [main] o.apache.catalina.core.StandardEngine    : Starting Servlet engine: [Apache Tomcat/11.0.21]
2026-05-14T12:41:36.733+05:30  INFO 7536 --- [orderService] [main] b.w.c.s.WebApplicationContextInitializer : Root WebApplicationContext: initialization completed in 2979 ms
2026-05-14T12:41:37.184+05:30  INFO 7536 --- [orderService] [main] org.hibernate.orm.jpa                    : HHH008540: Processing PersistenceUnitInfo [name: default]
2026-05-14T12:41:37.259+05:30  INFO 7536 --- [orderService] [main] org.hibernate.orm.core                   : HHH000001: Hibernate ORM core version 7.2.12.Final
2026-05-14T12:41:37.852+05:30  INFO 7536 --- [orderService] [main] o.s.o.j.p.SpringPersistenceUnitInfo      : No LoadTimeWeaver setup: ignoring JPA class transformer
2026-05-14T12:41:37.902+05:30  INFO 7536 --- [orderService] [main] com.zaxxer.hikari.HikariDataSource       : HikariPool-1 - Starting...
2026-05-14T12:41:38.094+05:30  INFO 7536 --- [orderService] [main] com.zaxxer.hikari.pool.HikariPool        : HikariPool-1 - Added connection org.postgresql.jdbc.PgConnection@22a8e87b
2026-05-14T12:41:38.096+05:30  INFO 7536 --- [orderService] [main] com.zaxxer.hikari.HikariDataSource       : HikariPool-1 - Start completed.
2026-05-14T12:41:38.158+05:30  WARN 7536 --- [orderService] [main] org.hibernate.orm.deprecation            : HHH90000025: PostgreSQLDialect does not need to be specified explicitly using 'hibernate.dialect' (remove the property setting and it will be selected by default)
2026-05-14T12:41:38.207+05:30  INFO 7536 --- [orderService] [main] org.hibernate.orm.connections.pooling    : HHH10001005: Database info:
	Database JDBC URL [jdbc:postgresql://localhost:5433/orderdb]
	Database driver: PostgreSQL JDBC Driver
	Database dialect: PostgreSQLDialect
	Database version: 14.22
	Default catalog/schema: orderdb/public
	Autocommit mode: undefined/unknown
	Isolation level: READ_COMMITTED [default READ_COMMITTED]
	JDBC fetch size: none
	Pool: DataSourceConnectionProvider
	Minimum pool size: undefined/unknown
	Maximum pool size: undefined/unknown
2026-05-14T12:41:39.796+05:30  INFO 7536 --- [orderService] [main] org.hibernate.orm.core                   : HHH000489: No JTA platform available (set 'hibernate.transaction.jta.platform' to enable JTA platform integration)
2026-05-14T12:41:39.940+05:30  INFO 7536 --- [orderService] [main] j.LocalContainerEntityManagerFactoryBean : Initialized JPA EntityManagerFactory for persistence unit 'default'
2026-05-14T12:41:40.092+05:30  INFO 7536 --- [orderService] [main] o.s.d.j.r.query.QueryEnhancerFactories   : Hibernate is in classpath; If applicable, HQL parser will be used.
2026-05-14T12:41:40.766+05:30  WARN 7536 --- [orderService] [main] JpaBaseConfiguration$JpaWebConfiguration : spring.jpa.open-in-view is enabled by default. Therefore, database queries may be performed during view rendering. Explicitly configure spring.jpa.open-in-view to disable this warning
2026-05-14T12:41:41.264+05:30  INFO 7536 --- [orderService] [main] o.s.c.s.m.DirectWithAttributesChannel    : Channel 'orderService.springCloudBusInput' has 1 subscriber(s).
2026-05-14T12:41:41.857+05:30  INFO 7536 --- [orderService] [main] DiscoveryClientOptionalArgsConfiguration : Eureka HTTP Client uses RestClient.
2026-05-14T12:41:41.919+05:30  WARN 7536 --- [orderService] [main] iguration$LoadBalancerCaffeineWarnLogger : Spring Cloud LoadBalancer is currently working with the default cache. While this cache implementation is useful for development and tests, it's recommended to use Caffeine cache in production.You can switch to using Caffeine cache, by adding it and org.springframework.cache.caffeine.CaffeineCacheManager to the classpath.
2026-05-14T12:41:41.937+05:30  INFO 7536 --- [orderService] [main] o.s.b.a.e.web.EndpointLinksResolver      : Exposing 24 endpoints beneath base path '/actuator'
2026-05-14T12:41:42.054+05:30  INFO 7536 --- [orderService] [main] o.s.i.endpoint.EventDrivenConsumer       : Adding {logging-channel-adapter:_org.springframework.integration.errorLogger} as a subscriber to the 'errorChannel' channel
2026-05-14T12:41:42.055+05:30  INFO 7536 --- [orderService] [main] o.s.i.channel.PublishSubscribeChannel    : Channel 'orderService.errorChannel' has 1 subscriber(s).
2026-05-14T12:41:42.056+05:30  INFO 7536 --- [orderService] [main] o.s.i.endpoint.EventDrivenConsumer       : started bean '_org.springframework.integration.errorLogger'
2026-05-14T12:41:42.088+05:30  INFO 7536 --- [orderService] [main] o.s.c.n.eureka.InstanceInfoFactory       : Setting initial instance status as: STARTING
2026-05-14T12:41:42.124+05:30  INFO 7536 --- [orderService] [main] com.netflix.discovery.DiscoveryClient    : Initializing Eureka in region us-east-1
2026-05-14T12:41:42.128+05:30  INFO 7536 --- [orderService] [main] c.n.d.s.r.aws.ConfigClusterResolver      : Resolving eureka endpoints via configuration
2026-05-14T12:41:42.137+05:30  INFO 7536 --- [orderService] [main] com.netflix.discovery.DiscoveryClient    : Disable delta property : false
2026-05-14T12:41:42.137+05:30  INFO 7536 --- [orderService] [main] com.netflix.discovery.DiscoveryClient    : Single vip registry refresh property : null
2026-05-14T12:41:42.138+05:30  INFO 7536 --- [orderService] [main] com.netflix.discovery.DiscoveryClient    : Force full registry fetch : false
2026-05-14T12:41:42.138+05:30  INFO 7536 --- [orderService] [main] com.netflix.discovery.DiscoveryClient    : Application is null : false
2026-05-14T12:41:42.138+05:30  INFO 7536 --- [orderService] [main] com.netflix.discovery.DiscoveryClient    : Registered Applications size is zero : true
2026-05-14T12:41:42.138+05:30  INFO 7536 --- [orderService] [main] com.netflix.discovery.DiscoveryClient    : Application version is -1: true
2026-05-14T12:41:42.138+05:30  INFO 7536 --- [orderService] [main] com.netflix.discovery.DiscoveryClient    : Getting all instance registry info from the eureka server
2026-05-14T12:41:42.501+05:30  INFO 7536 --- [orderService] [main] com.netflix.discovery.DiscoveryClient    : The response status is 200
2026-05-14T12:41:42.502+05:30  INFO 7536 --- [orderService] [main] com.netflix.discovery.DiscoveryClient    : Starting heartbeat executor: renew interval is: 30
2026-05-14T12:41:42.504+05:30  INFO 7536 --- [orderService] [main] c.n.discovery.InstanceInfoReplicator     : InstanceInfoReplicator onDemand update allowed rate per min is 4
2026-05-14T12:41:42.506+05:30  INFO 7536 --- [orderService] [main] com.netflix.discovery.DiscoveryClient    : Discovery Client initialized at timestamp 1778742702505 with initial instances count: 0
2026-05-14T12:41:42.511+05:30  INFO 7536 --- [orderService] [main] o.s.c.n.e.s.EurekaServiceRegistry        : Registering application ORDERSERVICE with eureka with status UP
2026-05-14T12:41:42.511+05:30  INFO 7536 --- [orderService] [main] com.netflix.discovery.DiscoveryClient    : Saw local status change event StatusChangeEvent [timestamp=1778742702511, current=UP, previous=STARTING]
2026-05-14T12:41:42.513+05:30  INFO 7536 --- [orderService] [DiscoveryClient-InstanceInfoReplicator-%d] com.netflix.discovery.DiscoveryClient    : DiscoveryClient_ORDERSERVICE/LAPTOP-VG7PR204.mshome.net:orderService:8083: registering service...
2026-05-14T12:41:42.515+05:30  INFO 7536 --- [orderService] [main] o.s.c.s.binder.DefaultBinderFactory      : Creating binder: rabbit
2026-05-14T12:41:42.515+05:30  INFO 7536 --- [orderService] [main] o.s.c.s.binder.DefaultBinderFactory      : Constructing binder child context for rabbit
2026-05-14T12:41:42.627+05:30  INFO 7536 --- [orderService] [main] o.s.c.s.binder.DefaultBinderFactory      : Caching the binder: rabbit
2026-05-14T12:41:42.643+05:30  INFO 7536 --- [orderService] [main] c.s.b.r.p.RabbitExchangeQueueProvisioner : declaring queue for inbound: springCloudBus.ecom-order-service-group, bound to: springCloudBus
2026-05-14T12:41:42.649+05:30  INFO 7536 --- [orderService] [main] o.s.a.r.c.CachingConnectionFactory       : Attempting to connect to: [localhost:5672]
2026-05-14T12:41:42.687+05:30  INFO 7536 --- [orderService] [DiscoveryClient-InstanceInfoReplicator-%d] com.netflix.discovery.DiscoveryClient    : DiscoveryClient_ORDERSERVICE/LAPTOP-VG7PR204.mshome.net:orderService:8083 - registration status: 204
2026-05-14T12:41:42.700+05:30  INFO 7536 --- [orderService] [main] o.s.a.r.c.CachingConnectionFactory       : Created new connection: rabbitConnectionFactory#59171a5d:0/SimpleConnection@679e03c2 [delegate=amqp://guest@127.0.0.1:5672/, localPort=56889]
2026-05-14T12:41:42.771+05:30  INFO 7536 --- [orderService] [main] o.s.c.stream.binder.BinderErrorChannel   : Channel 'rabbit-531111032.springCloudBusInput.errors' has 1 subscriber(s).
2026-05-14T12:41:42.772+05:30  INFO 7536 --- [orderService] [main] o.s.c.stream.binder.BinderErrorChannel   : Channel 'rabbit-531111032.springCloudBusInput.errors' has 2 subscriber(s).
2026-05-14T12:41:42.803+05:30  INFO 7536 --- [orderService] [main] o.s.i.a.i.AmqpInboundChannelAdapter      : started bean 'inbound.springCloudBus.ecom-order-service-group'
2026-05-14T12:41:42.826+05:30  INFO 7536 --- [orderService] [main] o.s.boot.tomcat.TomcatWebServer          : Tomcat started on port 8083 (http) with context path '/'
2026-05-14T12:41:42.828+05:30  INFO 7536 --- [orderService] [main] .s.c.n.e.s.EurekaAutoServiceRegistration : Updating port to 8083
2026-05-14T12:41:42.914+05:30  INFO 7536 --- [orderService] [main] c.ecom.ecomorder.EcomOrderApplication    : Started EcomOrderApplication in 10.686 seconds (process running for 11.824)
2026-05-14T12:42:12.504+05:30  INFO 7536 --- [orderService] [DiscoveryClient-CacheRefreshExecutor-%d] com.netflix.discovery.DiscoveryClient    : Disable delta property : false
2026-05-14T12:42:12.504+05:30  INFO 7536 --- [orderService] [DiscoveryClient-CacheRefreshExecutor-%d] com.netflix.discovery.DiscoveryClient    : Single vip registry refresh property : null
2026-05-14T12:42:12.504+05:30  INFO 7536 --- [orderService] [DiscoveryClient-CacheRefreshExecutor-%d] com.netflix.discovery.DiscoveryClient    : Force full registry fetch : false
2026-05-14T12:42:12.504+05:30  INFO 7536 --- [orderService] [DiscoveryClient-CacheRefreshExecutor-%d] com.netflix.discovery.DiscoveryClient    : Application is null : false
2026-05-14T12:42:12.505+05:30  INFO 7536 --- [orderService] [DiscoveryClient-CacheRefreshExecutor-%d] com.netflix.discovery.DiscoveryClient    : Registered Applications size is zero : true
2026-05-14T12:42:12.505+05:30  INFO 7536 --- [orderService] [DiscoveryClient-CacheRefreshExecutor-%d] com.netflix.discovery.DiscoveryClient    : Application version is -1: false
2026-05-14T12:42:12.505+05:30  INFO 7536 --- [orderService] [DiscoveryClient-CacheRefreshExecutor-%d] com.netflix.discovery.DiscoveryClient    : Getting all instance registry info from the eureka server
2026-05-14T12:42:12.536+05:30  INFO 7536 --- [orderService] [DiscoveryClient-CacheRefreshExecutor-%d] com.netflix.discovery.DiscoveryClient    : The response status is 200
2026-05-14T12:46:42.141+05:30  INFO 7536 --- [orderService] [AsyncResolver-bootstrap-executor-%d] c.n.d.s.r.aws.ConfigClusterResolver      : Resolving eureka endpoints via configuration
2026-05-14T12:51:42.149+05:30  INFO 7536 --- [orderService] [AsyncResolver-bootstrap-executor-%d] c.n.d.s.r.aws.ConfigClusterResolver      : Resolving eureka endpoints via configuration
2026-05-14T12:54:58.468+05:30  INFO 7536 --- [orderService] [SpringApplicationShutdownHook] o.s.c.n.e.s.EurekaServiceRegistry        : Unregistering application ORDERSERVICE with eureka with status DOWN
2026-05-14T12:54:58.469+05:30  INFO 7536 --- [orderService] [SpringApplicationShutdownHook] com.netflix.discovery.DiscoveryClient    : Saw local status change event StatusChangeEvent [timestamp=1778743498469, current=DOWN, previous=UP]
2026-05-14T12:54:58.470+05:30  INFO 7536 --- [orderService] [DiscoveryClient-InstanceInfoReplicator-%d] com.netflix.discovery.DiscoveryClient    : DiscoveryClient_ORDERSERVICE/LAPTOP-VG7PR204.mshome.net:orderService:8083: registering service...
2026-05-14T12:54:58.477+05:30  INFO 7536 --- [orderService] [SpringApplicationShutdownHook] o.s.boot.tomcat.GracefulShutdown         : Commencing graceful shutdown. Waiting for active requests to complete
2026-05-14T12:54:58.479+05:30  INFO 7536 --- [orderService] [DiscoveryClient-InstanceInfoReplicator-%d] com.netflix.discovery.DiscoveryClient    : DiscoveryClient_ORDERSERVICE/LAPTOP-VG7PR204.mshome.net:orderService:8083 - registration status: 204
2026-05-14T12:54:58.490+05:30  INFO 7536 --- [orderService] [tomcat-shutdown] o.s.boot.tomcat.GracefulShutdown         : Graceful shutdown complete
2026-05-14T12:54:58.501+05:30  INFO 7536 --- [orderService] [SpringApplicationShutdownHook] o.s.a.r.l.SimpleMessageListenerContainer : Waiting for workers to finish.
2026-05-14T12:54:59.135+05:30  INFO 7536 --- [orderService] [SpringApplicationShutdownHook] o.s.a.r.l.SimpleMessageListenerContainer : Successfully waited for workers to finish.
2026-05-14T12:54:59.137+05:30  INFO 7536 --- [orderService] [SpringApplicationShutdownHook] o.s.i.a.i.AmqpInboundChannelAdapter      : stopped bean 'inbound.springCloudBus.ecom-order-service-group'
2026-05-14T12:54:59.146+05:30  INFO 7536 --- [orderService] [SpringApplicationShutdownHook] o.s.c.stream.binder.BinderErrorChannel   : Channel 'orderService.rabbit-531111032.springCloudBusInput.errors' has 1 subscriber(s).
2026-05-14T12:54:59.149+05:30  INFO 7536 --- [orderService] [SpringApplicationShutdownHook] o.s.c.stream.binder.BinderErrorChannel   : Channel 'orderService.rabbit-531111032.springCloudBusInput.errors' has 0 subscriber(s).
2026-05-14T12:54:59.226+05:30  INFO 7536 --- [orderService] [SpringApplicationShutdownHook] o.s.i.endpoint.EventDrivenConsumer       : Removing {logging-channel-adapter:_org.springframework.integration.errorLogger} as a subscriber to the 'errorChannel' channel
2026-05-14T12:54:59.227+05:30  INFO 7536 --- [orderService] [SpringApplicationShutdownHook] o.s.i.channel.PublishSubscribeChannel    : Channel 'orderService.errorChannel' has 0 subscriber(s).
2026-05-14T12:54:59.228+05:30  INFO 7536 --- [orderService] [SpringApplicationShutdownHook] o.s.i.endpoint.EventDrivenConsumer       : stopped bean '_org.springframework.integration.errorLogger'
2026-05-14T12:54:59.239+05:30  INFO 7536 --- [orderService] [SpringApplicationShutdownHook] j.LocalContainerEntityManagerFactoryBean : Closing JPA EntityManagerFactory for persistence unit 'default'
2026-05-14T12:54:59.242+05:30  INFO 7536 --- [orderService] [SpringApplicationShutdownHook] com.zaxxer.hikari.HikariDataSource       : HikariPool-1 - Shutdown initiated...
2026-05-14T12:54:59.246+05:30  INFO 7536 --- [orderService] [SpringApplicationShutdownHook] com.zaxxer.hikari.HikariDataSource       : HikariPool-1 - Shutdown completed.
2026-05-14T12:54:59.248+05:30  INFO 7536 --- [orderService] [SpringApplicationShutdownHook] com.netflix.discovery.DiscoveryClient    : Shutting down DiscoveryClient ...
2026-05-14T12:55:02.251+05:30  INFO 7536 --- [orderService] [SpringApplicationShutdownHook] com.netflix.discovery.DiscoveryClient    : Unregistering ...
2026-05-14T12:55:02.275+05:30  INFO 7536 --- [orderService] [SpringApplicationShutdownHook] com.netflix.discovery.DiscoveryClient    : DiscoveryClient_ORDERSERVICE/LAPTOP-VG7PR204.mshome.net:orderService:8083 - deregister  status: 200
2026-05-14T12:55:02.276+05:30  INFO 7536 --- [orderService] [SpringApplicationShutdownHook] com.netflix.discovery.DiscoveryClient    : Completed shut down of DiscoveryClient
